2024-05-20 11:18:06 test_function_success_file ok
2024-05-20 11:18:06 test_function_error_file error: ValueError. Inputs: () {}
2024-05-20 11:18:29 test_function_success_file ok
2024-05-20 11:18:29 test_function_error_file error: ValueError. Inputs: () {}
2024-05-20 11:20:39 test_function_success_file ok
2024-05-20 11:20:39 test_function_error_file error: ValueError. Inputs: () {}
2024-05-20 11:23:57 test_function_success_file ok
2024-05-20 11:23:57 test_function_error_file error: ValueError. Inputs: () {}
2024-05-20 11:24:01 test_function_success_file ok
2024-05-20 11:24:01 test_function_error_file error: ValueError. Inputs: () {}
2024-05-20 11:24:04 test_function_success_file ok
2024-05-20 11:24:04 test_function_error_file error: ValueError. Inputs: () {}
2024-05-20 11:38:15 test_function_success_file ok
2024-05-20 11:38:15 test_function_error_file error: ValueError. Inputs: () {}
2024-05-20 15:37:44 test_function_success_file ok
2024-05-20 15:37:44 test_function_error_file error: ValueError. Inputs: () {}
2024-05-20 15:38:03 test_function_success_file ok
2024-05-20 15:38:03 test_function_error_file error: ValueError. Inputs: () {}
2024-05-20 15:38:07 test_function_success_file ok
2024-05-20 15:38:07 test_function_error_file error: ValueError. Inputs: () {}
2024-05-21 15:04:18 test_function_success_file ok
2024-05-21 15:04:18 test_function_error_file error: ValueError. Inputs: () {}
2024-05-21 16:02:32 test_function_success_file ok
2024-05-21 16:02:32 test_function_error_file error: ValueError. Inputs: () {}
2024-05-21 16:02:51 test_function_success_file ok
2024-05-21 16:02:51 test_function_error_file error: ValueError. Inputs: () {}
2024-05-21 16:03:04 test_function_success_file ok
2024-05-21 16:03:04 test_function_error_file error: ValueError. Inputs: () {}
2024-05-21 16:03:30 test_function_success_file ok
2024-05-21 16:03:30 test_function_error_file error: ValueError. Inputs: () {}
2024-05-21 16:07:35 test_function_success_file ok
2024-05-21 16:07:35 test_function_error_file error: ValueError. Inputs: () {}
2024-05-21 16:11:24 test_function_success_file ok
2024-05-21 16:11:24 test_function_error_file error: ValueError. Inputs: () {}
2024-05-21 16:11:42 test_function_success_file ok
2024-05-21 16:11:42 test_function_error_file error: ValueError. Inputs: () {}
2024-05-21 16:15:03 test_function_success_file ok
2024-05-21 16:15:03 test_function_error_file error: ValueError. Inputs: () {}
2024-05-21 16:16:17 test_function_success_file ok
2024-05-21 16:16:17 test_function_error_file error: ValueError. Inputs: () {}
2024-05-21 18:42:12 test_function_success_file ok
2024-05-21 18:42:12 test_function_error_file error: ValueError. Inputs: () {}
